Oct 07 22:56:58 steamdeck python3[8455]: 48
Oct 07 22:57:02 steamdeck kscreen-doctor[8513]: Taddaaa! Found mode "13" "3840x2160@120"
Oct 07 22:57:02 steamdeck kscreen-doctor[8513]: Output 1 set mode "3840x2160@120"
Oct 07 22:57:02 steamdeck python3[8455]: KDE: {"mode": "3840x2160@120", "hdr": true, "vrrPolicy": 1}
Oct 07 22:57:02 steamdeck python3[8455]: Activated desktop session; {"0x7": "c1", "0x80": "0bf01afe", "0x2214": "03", "0x3030": "01000000000091000000000308000000"}
Oct 07 22:57:46 steamdeck python3[8455]: Suspend/resume detected; waiting ten seconds before one recovery attempt
Oct 07 22:57:56 steamdeck python3[8455]: RC enabled, status 0
Oct 07 22:57:56 steamdeck python3[8455]: 08
Oct 07 22:57:56 steamdeck python3[8455]: RC enabled, status 0
Oct 07 22:57:56 steamdeck python3[8455]: 0a
Oct 07 22:58:00 steamdeck python3[8455]: Original RAM08/0A restored; display detection requested
Oct 07 22:58:00 steamdeck python3[8455]: Waiting ten seconds for a settled adapter connection
Oct 07 22:58:10 steamdeck python3[8455]: RC enabled, status 0
Oct 07 22:58:10 steamdeck python3[8455]: 08
Oct 07 22:58:10 steamdeck python3[8455]: RC enabled, status 0
Oct 07 22:58:10 steamdeck python3[8455]: 0a
Oct 07 22:58:10 steamdeck python3[8455]: RC enabled, status 0
Oct 07 22:58:10 steamdeck python3[8455]: 02
Oct 07 22:58:11 steamdeck python3[8455]: RC enabled, status 0
Oct 07 22:58:11 steamdeck python3[8455]: 48
Oct 07 22:58:14 steamdeck kscreen-doctor[8844]: Taddaaa! Found mode "13" "3840x2160@120"
Oct 07 22:58:14 steamdeck kscreen-doctor[8844]: Output 1 set mode "3840x2160@120"
Oct 07 22:58:14 steamdeck python3[8455]: KDE: {"mode": "3840x2160@120", "hdr": true, "vrrPolicy": 1}
Oct 07 22:58:14 steamdeck python3[8455]: Activated desktop session; {"0x7": "c1", "0x80": "0bf01afe", "0x2214": "03", "0x3030": "01000000000091000000000308000000"}
Oct 07 22:59:17 steamdeck python3[8455]: Gaming VRR requested:
Oct 07 22:59:17 steamdeck python3[8455]: Gaming 4K120/HDR must be selected once in Steam display settings; not forced by this helper.
Oct 07 22:59:17 steamdeck python3[8455]: Session switch: gaming
Oct 07 22:59:59 steamdeck python3[8455]: Suspend/resume detected; waiting ten seconds before one recovery attempt
Oct 07 23:00:09 steamdeck python3[8455]: RC enabled, status 0
Oct 07 23:00:09 steamdeck python3[8455]: 08
Oct 07 23:00:09 steamdeck python3[8455]: RC enabled, status 0
Oct 07 23:00:09 steamdeck python3[8455]: 0a
Oct 07 23:00:13 steamdeck python3[8455]: Original RAM08/0A restored; display detection requested
Oct 07 23:00:13 steamdeck python3[8455]: Waiting ten seconds for a settled adapter connection
Oct 07 23:00:23 steamdeck python3[8455]: RC enabled, status 0
Oct 07 23:00:23 steamdeck python3[8455]: 08
Oct 07 23:00:23 steamdeck python3[8455]: RC enabled, status 0
Oct 07 23:00:23 steamdeck python3[8455]: 0a
Oct 07 23:00:23 steamdeck python3[8455]: RC enabled, status 0
Oct 07 23:00:23 steamdeck python3[8455]: 02
Oct 07 23:00:24 steamdeck python3[8455]: RC enabled, status 0
Oct 07 23:00:24 steamdeck python3[8455]: 48
Oct 07 23:00:27 steamdeck python3[8455]: Gaming VRR requested:
Oct 07 23:00:27 steamdeck python3[8455]: Gaming 4K120/HDR must be selected once in Steam display settings; not forced by this helper.
Oct 07 23:00:27 steamdeck python3[8455]: Activated gaming session; {"0x7": "c1", "0x80": "0bf01afe", "0x2214": "03", "0x3030": "01000000000091000000000308000000"}
4
