Oct 07 22:37:28 steamdeck python3[30424]: RC enabled, status 0
Oct 07 22:37:28 steamdeck python3[30424]: 08
Oct 07 22:37:28 steamdeck python3[30424]: RC enabled, status 0
Oct 07 22:37:28 steamdeck python3[30424]: 0a
Oct 07 22:37:31 steamdeck python3[30424]: Original RAM08/0A restored; display detection requested
Oct 07 22:37:31 steamdeck systemd[1]: cac2505-vrr.service: Deactivated successfully.
Oct 07 22:37:31 steamdeck systemd[1]: Stopped CAC-2505 volatile VRR configuration.
Oct 07 22:37:31 steamdeck systemd[1]: cac2505-vrr.service: Consumed 10.776s CPU time over 6min 14.008s wall clock time, 18.3M memory peak.
Oct 07 22:37:31 steamdeck systemd[1]: Started CAC-2505 volatile VRR configuration.
Oct 07 22:37:31 steamdeck python3[30480]: CAC automatic helper started: exact firmware7.02.116 / LG identity only
Oct 07 22:37:31 steamdeck python3[30480]: Waiting ten seconds for a settled adapter connection
Oct 07 22:37:42 steamdeck python3[30480]: RC enabled, status 0
Oct 07 22:37:42 steamdeck python3[30480]: 08
Oct 07 22:37:42 steamdeck python3[30480]: RC enabled, status 0
Oct 07 22:37:42 steamdeck python3[30480]: 0a
Oct 07 22:37:42 steamdeck python3[30480]: RC enabled, status 0
Oct 07 22:37:42 steamdeck python3[30480]: 02
Oct 07 22:37:42 steamdeck python3[30480]: RC enabled, status 0
Oct 07 22:37:42 steamdeck python3[30480]: 48
Oct 07 22:37:46 steamdeck python3[30480]: Gaming VRR requested:
Oct 07 22:37:46 steamdeck python3[30480]: Gaming 4K120/HDR must be selected once in Steam display settings; not forced by this helper.
Oct 07 22:37:46 steamdeck python3[30480]: Activated gaming session; {"0x7": "c1", "0x80": "0bf01afe", "0x2214": "03", "0x3030": "01000000000091000000000308000000"}
Oct 07 22:38:25 steamdeck python3[30480]: USB adapter absent in three checks; volatile state discarded
Oct 07 22:39:48 steamdeck python3[30480]: Waiting ten seconds for a settled adapter connection
Oct 07 22:39:58 steamdeck python3[30480]: RC enabled, status 0
Oct 07 22:39:58 steamdeck python3[30480]: 08
Oct 07 22:39:59 steamdeck python3[30480]: RC enabled, status 0
Oct 07 22:39:59 steamdeck python3[30480]: 0a
Oct 07 22:39:59 steamdeck python3[30480]: RC enabled, status 0
Oct 07 22:39:59 steamdeck python3[30480]: 02
Oct 07 22:39:59 steamdeck python3[30480]: RC enabled, status 0
Oct 07 22:39:59 steamdeck python3[30480]: 48
Oct 07 22:40:03 steamdeck python3[30480]: Gaming VRR requested:
Oct 07 22:40:03 steamdeck python3[30480]: Gaming 4K120/HDR must be selected once in Steam display settings; not forced by this helper.
Oct 07 22:40:03 steamdeck python3[30480]: Activated gaming session; {"0x7": "c1", "0x80": "0bf01afe", "0x2214": "03", "0x3030": "01000000000091000000000308000000"}
