Oct 07 23:04:57 steamdeck python3[12045]: RC enabled, status 0
Oct 07 23:04:57 steamdeck python3[12045]: 02
Oct 07 23:04:57 steamdeck python3[12045]: RC enabled, status 0
Oct 07 23:04:57 steamdeck python3[12045]: 48
Oct 07 23:05:00 steamdeck python3[12045]: Gaming VRR requested:
Oct 07 23:05:00 steamdeck python3[12045]: Gaming 4K120/HDR must be selected once in Steam display settings; not forced by this helper.
Oct 07 23:05:00 steamdeck python3[12045]: Activated gaming session; {"0x7": "c1", "0x80": "0bf01afe", "0x2214": "03", "0x3030": "01000000000091000000000308000000"}
Oct 07 23:05:59 steamdeck kscreen-doctor[13021]: Taddaaa! Found mode "13" "3840x2160@120"
Oct 07 23:05:59 steamdeck kscreen-doctor[13021]: Output 1 set mode "3840x2160@120"
Oct 07 23:05:59 steamdeck python3[12045]: KDE: {"mode": "3840x2160@120", "hdr": true, "vrrPolicy": 1}
Oct 07 23:05:59 steamdeck python3[12045]: Session switch: desktop
Oct 07 23:06:49 steamdeck python3[12045]: Suspend/resume detected; waiting ten seconds before one recovery attempt
Oct 07 23:06:59 steamdeck python3[12045]: RC enabled, status 0
Oct 07 23:06:59 steamdeck python3[12045]: 08
Oct 07 23:07:00 steamdeck python3[12045]: RC enabled, status 0
Oct 07 23:07:00 steamdeck python3[12045]: 0a
Oct 07 23:07:03 steamdeck python3[12045]: Original RAM08/0A restored; display detection requested
Oct 07 23:07:03 steamdeck python3[12045]: Resume fast path: verified restoration complete; skipping second ten-second wait
Oct 07 23:07:03 steamdeck python3[12045]: RC enabled, status 0
Oct 07 23:07:03 steamdeck python3[12045]: 08
Oct 07 23:07:03 steamdeck python3[12045]: RC enabled, status 0
Oct 07 23:07:03 steamdeck python3[12045]: 0a
Oct 07 23:07:04 steamdeck python3[12045]: RC enabled, status 0
Oct 07 23:07:04 steamdeck python3[12045]: 02
Oct 07 23:07:04 steamdeck python3[12045]: RC enabled, status 0
Oct 07 23:07:04 steamdeck python3[12045]: 48
Oct 07 23:07:07 steamdeck kscreen-doctor[15249]: Taddaaa! Found mode "13" "3840x2160@120"
Oct 07 23:07:07 steamdeck kscreen-doctor[15249]: Output 1 set mode "3840x2160@120"
Oct 07 23:07:07 steamdeck python3[12045]: KDE: {"mode": "3840x2160@120", "hdr": true, "vrrPolicy": 1}
Oct 07 23:07:07 steamdeck python3[12045]: Activated desktop session; {"0x7": "c1", "0x80": "0bf01afe", "0x2214": "03", "0x3030": "01000000000091000000000308000000"}
