=== Read-only connectionModeListAll ===
Exit: 0
1985805960729071616 - 4096x2160 120.00Hz Fixed 12bit HDR10 RGB Full SRGB
1949777163710107648 - 4096x2160 120.00Hz Fixed 10bit HDR10 RGB Full SRGB
2958583480241098752 - 4096x2160 120.00Hz Fixed 10bit HDR10 YCbCr 4:2:2 Limited SRGB
2886525886203170816 - 4096x2160 120.00Hz Fixed 10bit HDR10 YCbCr 4:4:4 Limited SRGB
2706381901108350976 - 4096x2160 120.00Hz Fixed 10bit SDR YCbCr 4:4:4 Limited SRGB
2670353104089387008 - 4096x2160 120.00Hz Fixed 8bit SDR YCbCr 4:4:4 Limited SRGB
1229201223330828288 - 4096x2160 120.00Hz Fixed 10bit SDR RGB Full SRGB
2346093930918711296 - 4096x2160 120.00Hz Fixed 8bit SDR RGB Limited SRGB
1193172426311864320 - 4096x2160 120.00Hz Fixed 8bit SDR RGB Full SRGB
1985801743071186944 - 4096x2160 119.88Hz Fixed 12bit HDR10 RGB Full SRGB
1949772946052222976 - 4096x2160 119.88Hz Fixed 10bit HDR10 RGB Full SRGB
2958579262583214080 - 4096x2160 119.88Hz Fixed 10bit HDR10 YCbCr 4:2:2 Limited SRGB
2886521668545286144 - 4096x2160 119.88Hz Fixed 10bit HDR10 YCbCr 4:4:4 Limited SRGB
2706377683450466304 - 4096x2160 119.88Hz Fixed 10bit SDR YCbCr 4:4:4 Limited SRGB
2670348886431502336 - 4096x2160 119.88Hz Fixed 8bit SDR YCbCr 4:4:4 Limited SRGB
1229197005672943616 - 4096x2160 119.88Hz Fixed 10bit SDR RGB Full SRGB
2346089713260826624 - 4096x2160 119.88Hz Fixed 8bit SDR RGB Limited SRGB
1193168208653979648 - 4096x2160 119.88Hz Fixed 8bit SDR RGB Full SRGB
1985805960729071360 - 3840x2160 120.00Hz Fixed 12bit HDR10 RGB Full SRGB
1949777163710107392 - 3840x2160 120.00Hz Fixed 10bit HDR10 RGB Full SRGB
2958583480241098496 - 3840x2160 120.00Hz Fixed 10bit HDR10 YCbCr 4:2:2 Limited SRGB
2886525886203170560 - 3840x2160 120.00Hz Fixed 10bit HDR10 YCbCr 4:4:4 Limited SRGB
2706381901108350720 - 3840x2160 120.00Hz Fixed 10bit SDR YCbCr 4:4:4 Limited SRGB
2670353104089386752 - 3840x2160 120.00Hz Fixed 8bit SDR YCbCr 4:4:4 Limited SRGB
2598295510051458816 - 3840x2160 120.00Hz Fixed 10bit SDR YCbCr 4:2:2 Limited SRGB
2562266713032494848 - 3840x2160 120.00Hz Fixed 8bit SDR YCbCr 4:2:2 Limited SRGB
1229201223330828032 - 3840x2160 120.00Hz Fixed 10bit SDR RGB Full SRGB
2346093930918711040 - 3840x2160 120.00Hz Fixed 8bit SDR RGB Limited SRGB
1193172426311864064 - 3840x2160 120.00Hz Fixed 8bit SDR RGB Full SRGB
1985801743071186688 - 3840x2160 119.88Hz Fixed 12bit HDR10 RGB Full SRGB
1949772946052222720 - 3840x2160 119.88Hz Fixed 10bit HDR10 RGB Full SRGB
2958579262583213824 - 3840x2160 119.88Hz Fixed 10bit HDR10 YCbCr 4:2:2 Limited SRGB
2886521668545285888 - 3840x2160 119.88Hz Fixed 10bit HDR10 YCbCr 4:4:4 Limited SRGB
2706377683450466048 - 3840x2160 119.88Hz Fixed 10bit SDR YCbCr 4:4:4 Limited SRGB
2670348886431502080 - 3840x2160 119.88Hz Fixed 8bit SDR YCbCr 4:4:4 Limited SRGB
2598291292393574144 - 3840x2160 119.88Hz Fixed 10bit SDR YCbCr 4:2:2 Limited SRGB
2562262495374610176 - 3840x2160 119.88Hz Fixed 8bit SDR YCbCr 4:2:2 Limited SRGB
1229197005672943360 - 3840x2160 119.88Hz Fixed 10bit SDR RGB Full SRGB
2346089713260826368 - 3840x2160 119.88Hz Fixed 8bit SDR RGB Limited SRGB
1193168208653979392 - 3840x2160 119.88Hz Fixed 8bit SDR RGB Full SRGB
1985102273287294976 - 4096x2160 100.00Hz Fixed 12bit HDR10 RGB Full SRGB
1949073476268331008 - 4096x2160 100.00Hz Fixed 10bit HDR10 RGB Full SRGB
2957879792799322112 - 4096x2160 100.00Hz Fixed 10bit HDR10 YCbCr 4:2:2 Limited SRGB
2885822198761394176 - 4096x2160 100.00Hz Fixed 10bit HDR10 YCbCr 4:4:4 Limited SRGB
2705678213666574336 - 4096x2160 100.00Hz Fixed 10bit SDR YCbCr 4:4:4 Limited SRGB
2669649416647610368 - 4096x2160 100.00Hz Fixed 8bit SDR YCbCr 4:4:4 Limited SRGB
1228497535889051648 - 4096x2160 100.00Hz Fixed 10bit SDR RGB Full SRGB
2345390243476934656 - 4096x2160 100.00Hz Fixed 8bit SDR RGB Limited SRGB
1192468738870087680 - 4096x2160 100.00Hz Fixed 8bit SDR RGB Full SRGB
2145824485000877056 - 5120x2880 60.00Hz Fixed 12bit Dolby Full SRGB
3334774786626688000 - 5120x2880 60.00Hz Fixed 12bit Dolby-LLDV Limited SRGB
2001709296925021184 - 5120x2880 60.00Hz Fixed 12bit HDR10 RGB Full SRGB
1965680499906057216 - 5120x2880 60.00Hz Fixed 10bit HDR10 RGB Full SRGB
3010515613456012288 - 5120x2880 60.00Hz Fixed 12bit HDR10 YCbCr 4:2:2 Limited SRGB
2974486816437048320 - 5120x2880 60.00Hz Fixed 10bit HDR10 YCbCr 4:2:2 Limited SRGB
2902429222399120384 - 5120x2880 60.00Hz Fixed 10bit HDR10 YCbCr 4:4:4 Limited SRGB
2722285237304300544 - 5120x2880 60.00Hz Fixed 10bit SDR YCbCr 4:4:4 Limited SRGB
2686256440285336576 - 5120x2880 60.00Hz Fixed 8bit SDR YCbCr 4:4:4 Limited SRGB
1245104559526777856 - 5120x2880 60.00Hz Fixed 10bit SDR RGB Full SRGB
1209075762507813888 - 5120x2880 60.00Hz Fixed 8bit SDR RGB Full SRGB
1985102273287294720 - 3840x2160 100.00Hz Fixed 12bit HDR10 RGB Full SRGB
1949073476268330752 - 3840x2160 100.00Hz Fixed 10bit HDR10 RGB Full SRGB
2957879792799321856 - 3840x2160 100.00Hz Fixed 10bit HDR10 YCbCr 4:2:2 Limited SRGB
2885822198761393920 - 3840x2160 100.00Hz Fixed 10bit HDR10 YCbCr 4:4:4 Limited SRGB
2705678213666574080 - 3840x2160 100.00Hz Fixed 10bit SDR YCbCr 4:4:4 Limited SRGB
2669649416647610112 - 3840x2160 100.00Hz Fixed 8bit SDR YCbCr 4:4:4 Limited SRGB
2597591822609682176 - 3840x2160 100.00Hz Fixed 10bit SDR YCbCr 4:2:2 Limited SRGB
2561563025590718208 - 3840x2160 100.00Hz Fixed 8bit SDR YCbCr 4:2:2 Limited SRGB
1228497535889051392 - 3840x2160 100.00Hz Fixed 10bit SDR RGB Full SRGB
2345390243476934400 - 3840x2160 100.00Hz Fixed 8bit SDR RGB Limited SRGB
1192468738870087424 - 3840x2160 100.00Hz Fixed 8bit SDR RGB Full SRGB
2145824484989080576 - 5120x2160 60.00Hz Fixed 12bit Dolby Full SRGB
3334774786614891520 - 5120x2160 60.00Hz Fixed 12bit Dolby-LLDV Limited SRGB
2001709296913224704 - 5120x2160 60.00Hz Fixed 12bit HDR10 RGB Full SRGB
1965680499894260736 - 5120x2160 60.00Hz Fixed 10bit HDR10 RGB Full SRGB
3010515613444215808 - 5120x2160 60.00Hz Fixed 12bit HDR10 YCbCr 4:2:2 Limited SRGB
2974486816425251840 - 5120x2160 60.00Hz Fixed 10bit HDR10 YCbCr 4:2:2 Limited SRGB
2902429222387323904 - 5120x2160 60.00Hz Fixed 10bit HDR10 YCbCr 4:4:4 Limited SRGB
2722285237292504064 - 5120x2160 60.00Hz Fixed 10bit SDR YCbCr 4:4:4 Limited SRGB
2686256440273540096 - 5120x2160 60.00Hz Fixed 8bit SDR YCbCr 4:4:4 Limited SRGB
1245104559514981376 - 5120x2160 60.00Hz Fixed 10bit SDR RGB Full SRGB
2361997267102864384 - 5120x2160 60.00Hz Fixed 8bit SDR RGB Limited SRGB
1209075762496017408 - 5120x2160 60.00Hz Fixed 8bit SDR RGB Full SRGB
2145824484989079552 - 4096x2160 60.00Hz Fixed 12bit Dolby Full SRGB
3316760388105408512 - 4096x2160 60.00Hz Fixed 12bit Dolby-LLDV Limited SRGB
1983694898403741696 - 4096x2160 60.00Hz Fixed 12bit HDR10 RGB Full SRGB
1947666101384777728 - 4096x2160 60.00Hz Fixed 10bit HDR10 RGB Full SRGB
2992501214934732800 - 4096x2160 60.00Hz Fixed 12bit HDR10 YCbCr 4:2:2 Limited SRGB
2956472417915768832 - 4096x2160 60.00Hz Fixed 10bit HDR10 YCbCr 4:2:2 Limited SRGB
2884414823877840896 - 4096x2160 60.00Hz Fixed 10bit HDR10 YCbCr 4:4:4 Limited SRGB
2704270838783021056 - 4096x2160 60.00Hz Fixed 10bit SDR YCbCr 4:4:4 Limited SRGB
2668242041764057088 - 4096x2160 60.00Hz Fixed 8bit SDR YCbCr 4:4:4 Limited SRGB
1227090161005498368 - 4096x2160 60.00Hz Fixed 10bit SDR RGB Full SRGB
2343982868593381376 - 4096x2160 60.00Hz Fixed 8bit SDR RGB Limited SRGB
1191061363986534400 - 4096x2160 60.00Hz Fixed 8bit SDR RGB Full SRGB
3316758279276466176 - 4096x2160 59.94Hz Fixed 12bit Dolby-LLDV Limited SRGB
1983692789574799360 - 4096x2160 59.94Hz Fixed 12bit HDR10 RGB Full SRGB
1947663992555835392 - 4096x2160 59.94Hz Fixed 10bit HDR10 RGB Full SRGB
2992499106105790464 - 4096x2160 59.94Hz Fixed 12bit HDR10 YCbCr 4:2:2 Limited SRGB
2956470309086826496 - 4096x2160 59.94Hz Fixed 10bit HDR10 YCbCr 4:2:2 Limited SRGB
2884412715048898560 - 4096x2160 59.94Hz Fixed 10bit HDR10 YCbCr 4:4:4 Limited SRGB
2704268729954078720 - 4096x2160 59.94Hz Fixed 10bit SDR YCbCr 4:4:4 Limited SRGB
2668239932935114752 - 4096x2160 59.94Hz Fixed 8bit SDR YCbCr 4:4:4 Limited SRGB
1227088052176556032 - 4096x2160 59.94Hz Fixed 10bit SDR RGB Full SRGB
2343980759764439040 - 4096x2160 59.94Hz Fixed 8bit SDR RGB Limited SRGB
1191059255157592064 - 4096x2160 59.94Hz Fixed 8bit SDR RGB Full SRGB
2127810086479597312 - 3840x2160 60.00Hz Fixed 12bit Dolby Full SRGB
3316760388105408256 - 3840x2160 60.00Hz Fixed 12bit Dolby-LLDV Limited SRGB
1983694898403741440 - 3840x2160 60.00Hz Fixed 12bit HDR10 RGB Full SRGB
1947666101384777472 - 3840x2160 60.00Hz Fixed 10bit HDR10 RGB Full SRGB
2992501214934732544 - 3840x2160 60.00Hz Fixed 12bit HDR10 YCbCr 4:2:2 Limited SRGB
2956472417915768576 - 3840x2160 60.00Hz Fixed 10bit HDR10 YCbCr 4:2:2 Limited SRGB
2884414823877840640 - 3840x2160 60.00Hz Fixed 10bit HDR10 YCbCr 4:4:4 Limited SRGB
2704270838783020800 - 3840x2160 60.00Hz Fixed 10bit SDR YCbCr 4:4:4 Limited SRGB
2668242041764056832 - 3840x2160 60.00Hz Fixed 8bit SDR YCbCr 4:4:4 Limited SRGB
1227090161005498112 - 3840x2160 60.00Hz Fixed 10bit SDR RGB Full SRGB
2343982868593381120 - 3840x2160 60.00Hz Fixed 8bit SDR RGB Limited SRGB
1191061363986534144 - 3840x2160 60.00Hz Fixed 8bit SDR RGB Full SRGB
2127807977650654976 - 3840x2160 59.94Hz Fixed 12bit Dolby Full SRGB
3316758279276465920 - 3840x2160 59.94Hz Fixed 12bit Dolby-LLDV Limited SRGB
1983692789574799104 - 3840x2160 59.94Hz Fixed 12bit HDR10 RGB Full SRGB
1947663992555835136 - 3840x2160 59.94Hz Fixed 10bit HDR10 RGB Full SRGB
2992499106105790208 - 3840x2160 59.94Hz Fixed 12bit HDR10 YCbCr 4:2:2 Limited SRGB
2956470309086826240 - 3840x2160 59.94Hz Fixed 10bit HDR10 YCbCr 4:2:2 Limited SRGB
2884412715048898304 - 3840x2160 59.94Hz Fixed 10bit HDR10 YCbCr 4:4:4 Limited SRGB
2704268729954078464 - 3840x2160 59.94Hz Fixed 10bit SDR YCbCr 4:4:4 Limited SRGB
2668239932935114496 - 3840x2160 59.94Hz Fixed 8bit SDR YCbCr 4:4:4 Limited SRGB
2614196737406668544 - 3840x2160 59.94Hz Fixed 10bit SDR YCbCr 4:2:2 Limited SRGB
2578167940387704576 - 3840x2160 59.94Hz Fixed 8bit SDR YCbCr 4:2:2 Limited SRGB
1227088052176555776 - 3840x2160 59.94Hz Fixed 10bit SDR RGB Full SRGB
2343980759764438784 - 3840x2160 59.94Hz Fixed 8bit SDR RGB Limited SRGB
1191059255157591808 - 3840x2160 59.94Hz Fixed 8bit SDR RGB Full SRGB
3316408544384520192 - 4096x2160 50.00Hz Fixed 12bit Dolby-LLDV Limited SRGB
1983343054682853376 - 4096x2160 50.00Hz Fixed 12bit HDR10 RGB Full SRGB
1947314257663889408 - 4096x2160 50.00Hz Fixed 10bit HDR10 RGB Full SRGB
2992149371213844480 - 4096x2160 50.00Hz Fixed 12bit HDR10 YCbCr 4:2:2 Limited SRGB
2956120574194880512 - 4096x2160 50.00Hz Fixed 10bit HDR10 YCbCr 4:2:2 Limited SRGB
2884062980156952576 - 4096x2160 50.00Hz Fixed 10bit HDR10 YCbCr 4:4:4 Limited SRGB
2703918995062132736 - 4096x2160 50.00Hz Fixed 10bit SDR YCbCr 4:4:4 Limited SRGB
2667890198043168768 - 4096x2160 50.00Hz Fixed 8bit SDR YCbCr 4:4:4 Limited SRGB
1226738317284610048 - 4096x2160 50.00Hz Fixed 10bit SDR RGB Full SRGB
2343631024872493056 - 4096x2160 50.00Hz Fixed 8bit SDR RGB Limited SRGB
1190709520265646080 - 4096x2160 50.00Hz Fixed 8bit SDR RGB Full SRGB
2129921063967525376 - 2560x1440 120.00Hz Fixed 12bit Dolby Full SRGB
3318871365593336320 - 2560x1440 120.00Hz Fixed 12bit Dolby-LLDV Limited SRGB
1985805875891669504 - 2560x1440 120.00Hz Fixed 12bit HDR10 RGB Full SRGB
1949777078872705536 - 2560x1440 120.00Hz Fixed 10bit HDR10 RGB Full SRGB
2994612192422660608 - 2560x1440 120.00Hz Fixed 12bit HDR10 YCbCr 4:2:2 Limited SRGB
2958583395403696640 - 2560x1440 120.00Hz Fixed 10bit HDR10 YCbCr 4:2:2 Limited SRGB
2886525801365768704 - 2560x1440 120.00Hz Fixed 10bit HDR10 YCbCr 4:4:4 Limited SRGB
2706381816270948864 - 2560x1440 120.00Hz Fixed 10bit SDR YCbCr 4:4:4 Limited SRGB
2670353019251984896 - 2560x1440 120.00Hz Fixed 8bit SDR YCbCr 4:4:4 Limited SRGB
2598295425214056960 - 2560x1440 120.00Hz Fixed 10bit SDR YCbCr 4:2:2 Limited SRGB
2562266628195092992 - 2560x1440 120.00Hz Fixed 8bit SDR YCbCr 4:2:2 Limited SRGB
1229201138493426176 - 2560x1440 120.00Hz Fixed 10bit SDR RGB Full SRGB
1193172341474462208 - 2560x1440 120.00Hz Fixed 8bit SDR RGB Full SRGB
2127458242758708992 - 3840x2160 50.00Hz Fixed 12bit Dolby Full SRGB
3316408544384519936 - 3840x2160 50.00Hz Fixed 12bit Dolby-LLDV Limited SRGB
1983343054682853120 - 3840x2160 50.00Hz Fixed 12bit HDR10 RGB Full SRGB
1947314257663889152 - 3840x2160 50.00Hz Fixed 10bit HDR10 RGB Full SRGB
2992149371213844224 - 3840x2160 50.00Hz Fixed 12bit HDR10 YCbCr 4:2:2 Limited SRGB
2956120574194880256 - 3840x2160 50.00Hz Fixed 10bit HDR10 YCbCr 4:2:2 Limited SRGB
2884062980156952320 - 3840x2160 50.00Hz Fixed 10bit HDR10 YCbCr 4:4:4 Limited SRGB
2703918995062132480 - 3840x2160 50.00Hz Fixed 10bit SDR YCbCr 4:4:4 Limited SRGB
2667890198043168512 - 3840x2160 50.00Hz Fixed 8bit SDR YCbCr 4:4:4 Limited SRGB
2613847002514722560 - 3840x2160 50.00Hz Fixed 10bit SDR YCbCr 4:2:2 Limited SRGB
2577818205495758592 - 3840x2160 50.00Hz Fixed 8bit SDR YCbCr 4:2:2 Limited SRGB
1226738317284609792 - 3840x2160 50.00Hz Fixed 10bit SDR RGB Full SRGB
2343631024872492800 - 3840x2160 50.00Hz Fixed 8bit SDR RGB Limited SRGB
1190709520265645824 - 3840x2160 50.00Hz Fixed 8bit SDR RGB Full SRGB
3315704856942743552 - 4096x2160 30.00Hz Fixed 12bit Dolby-LLDV Limited SRGB
1982639367241076736 - 4096x2160 30.00Hz Fixed 12bit HDR10 RGB Full SRGB
1946610570222112768 - 4096x2160 30.00Hz Fixed 10bit HDR10 RGB Full SRGB
2991445683772067840 - 4096x2160 30.00Hz Fixed 12bit HDR10 YCbCr 4:2:2 Limited SRGB
2955416886753103872 - 4096x2160 30.00Hz Fixed 10bit HDR10 YCbCr 4:2:2 Limited SRGB
2883359292715175936 - 4096x2160 30.00Hz Fixed 10bit HDR10 YCbCr 4:4:4 Limited SRGB
2703215307620356096 - 4096x2160 30.00Hz Fixed 10bit SDR YCbCr 4:4:4 Limited SRGB
2667186510601392128 - 4096x2160 30.00Hz Fixed 8bit SDR YCbCr 4:4:4 Limited SRGB
1226034629842833408 - 4096x2160 30.00Hz Fixed 10bit SDR RGB Full SRGB
2342927337430716416 - 4096x2160 30.00Hz Fixed 8bit SDR RGB Limited SRGB
1190005832823869440 - 4096x2160 30.00Hz Fixed 8bit SDR RGB Full SRGB
3315703802528272384 - 4096x2160 29.97Hz Fixed 12bit Dolby-LLDV Limited SRGB
1982638312826605568 - 4096x2160 29.97Hz Fixed 12bit HDR10 RGB Full SRGB
1946609515807641600 - 4096x2160 29.97Hz Fixed 10bit HDR10 RGB Full SRGB
2991444629357596672 - 4096x2160 29.97Hz Fixed 12bit HDR10 YCbCr 4:2:2 Limited SRGB
2955415832338632704 - 4096x2160 29.97Hz Fixed 10bit HDR10 YCbCr 4:2:2 Limited SRGB
2883358238300704768 - 4096x2160 29.97Hz Fixed 10bit HDR10 YCbCr 4:4:4 Limited SRGB
2703214253205884928 - 4096x2160 29.97Hz Fixed 10bit SDR YCbCr 4:4:4 Limited SRGB
2667185456186920960 - 4096x2160 29.97Hz Fixed 8bit SDR YCbCr 4:4:4 Limited SRGB
1226033575428362240 - 4096x2160 29.97Hz Fixed 10bit SDR RGB Full SRGB
2342926283016245248 - 4096x2160 29.97Hz Fixed 8bit SDR RGB Limited SRGB
1190004778409398272 - 4096x2160 29.97Hz Fixed 8bit SDR RGB Full SRGB
2129921148787230592 - 1920x1080 120.00Hz Fixed 12bit Dolby Full SRGB
3318871450413041536 - 1920x1080 120.00Hz Fixed 12bit Dolby-LLDV Limited SRGB
1985805960711374720 - 1920x1080 120.00Hz Fixed 12bit HDR10 RGB Full SRGB
1949777163692410752 - 1920x1080 120.00Hz Fixed 10bit HDR10 RGB Full SRGB
2994612277242365824 - 1920x1080 120.00Hz Fixed 12bit HDR10 YCbCr 4:2:2 Limited SRGB
2958583480223401856 - 1920x1080 120.00Hz Fixed 10bit HDR10 YCbCr 4:2:2 Limited SRGB
2886525886185473920 - 1920x1080 120.00Hz Fixed 10bit HDR10 YCbCr 4:4:4 Limited SRGB
2706381901090654080 - 1920x1080 120.00Hz Fixed 10bit SDR YCbCr 4:4:4 Limited SRGB
2670353104071690112 - 1920x1080 120.00Hz Fixed 8bit SDR YCbCr 4:4:4 Limited SRGB
1229201223313131392 - 1920x1080 120.00Hz Fixed 10bit SDR RGB Full SRGB
2346093930901014400 - 1920x1080 120.00Hz Fixed 8bit SDR RGB Limited SRGB
1193172426294167424 - 1920x1080 120.00Hz Fixed 8bit SDR RGB Full SRGB
2126754555316932352 - 3840x2160 30.00Hz Fixed 12bit Dolby Full SRGB
3315704856942743296 - 3840x2160 30.00Hz Fixed 12bit Dolby-LLDV Limited SRGB
1982639367241076480 - 3840x2160 30.00Hz Fixed 12bit HDR10 RGB Full SRGB
1946610570222112512 - 3840x2160 30.00Hz Fixed 10bit HDR10 RGB Full SRGB
2991445683772067584 - 3840x2160 30.00Hz Fixed 12bit HDR10 YCbCr 4:2:2 Limited SRGB
2955416886753103616 - 3840x2160 30.00Hz Fixed 10bit HDR10 YCbCr 4:2:2 Limited SRGB
2883359292715175680 - 3840x2160 30.00Hz Fixed 10bit HDR10 YCbCr 4:4:4 Limited SRGB
2703215307620355840 - 3840x2160 30.00Hz Fixed 10bit SDR YCbCr 4:4:4 Limited SRGB
2667186510601391872 - 3840x2160 30.00Hz Fixed 8bit SDR YCbCr 4:4:4 Limited SRGB
2595128916563463936 - 3840x2160 30.00Hz Fixed 10bit SDR YCbCr 4:2:2 Limited SRGB
2559100119544499968 - 3840x2160 30.00Hz Fixed 8bit SDR YCbCr 4:2:2 Limited SRGB
1226034629842833152 - 3840x2160 30.00Hz Fixed 10bit SDR RGB Full SRGB
2342927337430716160 - 3840x2160 30.00Hz Fixed 8bit SDR RGB Limited SRGB
1190005832823869184 - 3840x2160 30.00Hz Fixed 8bit SDR RGB Full SRGB
2129916931129345920 - 1920x1080 119.88Hz Fixed 12bit Dolby Full SRGB
3318867232755156864 - 1920x1080 119.88Hz Fixed 12bit Dolby-LLDV Limited SRGB
1985801743053490048 - 1920x1080 119.88Hz Fixed 12bit HDR10 RGB Full SRGB
1949772946034526080 - 1920x1080 119.88Hz Fixed 10bit HDR10 RGB Full SRGB
2994608059584481152 - 1920x1080 119.88Hz Fixed 12bit HDR10 YCbCr 4:2:2 Limited SRGB
2958579262565517184 - 1920x1080 119.88Hz Fixed 10bit HDR10 YCbCr 4:2:2 Limited SRGB
2886521668527589248 - 1920x1080 119.88Hz Fixed 10bit HDR10 YCbCr 4:4:4 Limited SRGB
2706377683432769408 - 1920x1080 119.88Hz Fixed 10bit SDR YCbCr 4:4:4 Limited SRGB
2670348886413805440 - 1920x1080 119.88Hz Fixed 8bit SDR YCbCr 4:4:4 Limited SRGB
1229197005655246720 - 1920x1080 119.88Hz Fixed 10bit SDR RGB Full SRGB
2346089713243129728 - 1920x1080 119.88Hz Fixed 8bit SDR RGB Limited SRGB
1193168208636282752 - 1920x1080 119.88Hz Fixed 8bit SDR RGB Full SRGB
2145824484979902976 - 2560x1600 60.00Hz Fixed 12bit Dolby Full SRGB
3334774786605713920 - 2560x1600 60.00Hz Fixed 12bit Dolby-LLDV Limited SRGB
2001709296904047104 - 2560x1600 60.00Hz Fixed 12bit HDR10 RGB Full SRGB
1965680499885083136 - 2560x1600 60.00Hz Fixed 10bit HDR10 RGB Full SRGB
3010515613435038208 - 2560x1600 60.00Hz Fixed 12bit HDR10 YCbCr 4:2:2 Limited SRGB
2974486816416074240 - 2560x1600 60.00Hz Fixed 10bit HDR10 YCbCr 4:2:2 Limited SRGB
2902429222378146304 - 2560x1600 60.00Hz Fixed 10bit HDR10 YCbCr 4:4:4 Limited SRGB
2722285237283326464 - 2560x1600 60.00Hz Fixed 10bit SDR YCbCr 4:4:4 Limited SRGB
2686256440264362496 - 2560x1600 60.00Hz Fixed 8bit SDR YCbCr 4:4:4 Limited SRGB
1245104559505803776 - 2560x1600 60.00Hz Fixed 10bit SDR RGB Full SRGB
1209075762486839808 - 2560x1600 60.00Hz Fixed 8bit SDR RGB Full SRGB
2126753500902461184 - 3840x2160 29.97Hz Fixed 12bit Dolby Full SRGB
3315703802528272128 - 3840x2160 29.97Hz Fixed 12bit Dolby-LLDV Limited SRGB
1982638312826605312 - 3840x2160 29.97Hz Fixed 12bit HDR10 RGB Full SRGB
1946609515807641344 - 3840x2160 29.97Hz Fixed 10bit HDR10 RGB Full SRGB
2991444629357596416 - 3840x2160 29.97Hz Fixed 12bit HDR10 YCbCr 4:2:2 Limited SRGB
2955415832338632448 - 3840x2160 29.97Hz Fixed 10bit HDR10 YCbCr 4:2:2 Limited SRGB
2883358238300704512 - 3840x2160 29.97Hz Fixed 10bit HDR10 YCbCr 4:4:4 Limited SRGB
2703214253205884672 - 3840x2160 29.97Hz Fixed 10bit SDR YCbCr 4:4:4 Limited SRGB
2667185456186920704 - 3840x2160 29.97Hz Fixed 8bit SDR YCbCr 4:4:4 Limited SRGB
2595127862148992768 - 3840x2160 29.97Hz Fixed 10bit SDR YCbCr 4:2:2 Limited SRGB
2559099065130028800 - 3840x2160 29.97Hz Fixed 8bit SDR YCbCr 4:2:2 Limited SRGB
1226033575428361984 - 3840x2160 29.97Hz Fixed 10bit SDR RGB Full SRGB
2342926283016244992 - 3840x2160 29.97Hz Fixed 8bit SDR RGB Limited SRGB
1190004778409398016 - 3840x2160 29.97Hz Fixed 8bit SDR RGB Full SRGB
2145824484977281536 - 2560x1440 60.00Hz Fixed 12bit Dolby Full SRGB
3334774786603092480 - 2560x1440 60.00Hz Fixed 12bit Dolby-LLDV Limited SRGB
2001709296901425664 - 2560x1440 60.00Hz Fixed 12bit HDR10 RGB Full SRGB
1965680499882461696 - 2560x1440 60.00Hz Fixed 10bit HDR10 RGB Full SRGB
3010515613432416768 - 2560x1440 60.00Hz Fixed 12bit HDR10 YCbCr 4:2:2 Limited SRGB
2974486816413452800 - 2560x1440 60.00Hz Fixed 10bit HDR10 YCbCr 4:2:2 Limited SRGB
2902429222375524864 - 2560x1440 60.00Hz Fixed 10bit HDR10 YCbCr 4:4:4 Limited SRGB
2722285237280705024 - 2560x1440 60.00Hz Fixed 10bit SDR YCbCr 4:4:4 Limited SRGB
2686256440261741056 - 2560x1440 60.00Hz Fixed 8bit SDR YCbCr 4:4:4 Limited SRGB
1245104559503182336 - 2560x1440 60.00Hz Fixed 10bit SDR RGB Full SRGB
1209075762484218368 - 2560x1440 60.00Hz Fixed 8bit SDR RGB Full SRGB
3315528935082299392 - 4096x2160 25.00Hz Fixed 12bit Dolby-LLDV Limited SRGB
1982463445380632576 - 4096x2160 25.00Hz Fixed 12bit HDR10 RGB Full SRGB
1946434648361668608 - 4096x2160 25.00Hz Fixed 10bit HDR10 RGB Full SRGB
2991269761911623680 - 4096x2160 25.00Hz Fixed 12bit HDR10 YCbCr 4:2:2 Limited SRGB
2955240964892659712 - 4096x2160 25.00Hz Fixed 10bit HDR10 YCbCr 4:2:2 Limited SRGB
2883183370854731776 - 4096x2160 25.00Hz Fixed 10bit HDR10 YCbCr 4:4:4 Limited SRGB
2703039385759911936 - 4096x2160 25.00Hz Fixed 10bit SDR YCbCr 4:4:4 Limited SRGB
2667010588740947968 - 4096x2160 25.00Hz Fixed 8bit SDR YCbCr 4:4:4 Limited SRGB
1225858707982389248 - 4096x2160 25.00Hz Fixed 10bit SDR RGB Full SRGB
2342751415570272256 - 4096x2160 25.00Hz Fixed 8bit SDR RGB Limited SRGB
1189829910963425280 - 4096x2160 25.00Hz Fixed 8bit SDR RGB Full SRGB
3315493750710210560 - 4096x2160 24.00Hz Fixed 12bit Dolby-LLDV Limited SRGB
1982428261008543744 - 4096x2160 24.00Hz Fixed 12bit HDR10 RGB Full SRGB
1946399463989579776 - 4096x2160 24.00Hz Fixed 10bit HDR10 RGB Full SRGB
2991234577539534848 - 4096x2160 24.00Hz Fixed 12bit HDR10 YCbCr 4:2:2 Limited SRGB
2955205780520570880 - 4096x2160 24.00Hz Fixed 10bit HDR10 YCbCr 4:2:2 Limited SRGB
2883148186482642944 - 4096x2160 24.00Hz Fixed 10bit HDR10 YCbCr 4:4:4 Limited SRGB
2703004201387823104 - 4096x2160 24.00Hz Fixed 10bit SDR YCbCr 4:4:4 Limited SRGB
2666975404368859136 - 4096x2160 24.00Hz Fixed 8bit SDR YCbCr 4:4:4 Limited SRGB
1225823523610300416 - 4096x2160 24.00Hz Fixed 10bit SDR RGB Full SRGB
2342716231198183424 - 4096x2160 24.00Hz Fixed 8bit SDR RGB Limited SRGB
1189794726591336448 - 4096x2160 24.00Hz Fixed 8bit SDR RGB Full SRGB
2129217461345453952 - 1920x1080 100.00Hz Fixed 12bit Dolby Full SRGB
3318167762971264896 - 1920x1080 100.00Hz Fixed 12bit Dolby-LLDV Limited SRGB
1985102273269598080 - 1920x1080 100.00Hz Fixed 12bit HDR10 RGB Full SRGB
1949073476250634112 - 1920x1080 100.00Hz Fixed 10bit HDR10 RGB Full SRGB
2993908589800589184 - 1920x1080 100.00Hz Fixed 12bit HDR10 YCbCr 4:2:2 Limited SRGB
2957879792781625216 - 1920x1080 100.00Hz Fixed 10bit HDR10 YCbCr 4:2:2 Limited SRGB
2885822198743697280 - 1920x1080 100.00Hz Fixed 10bit HDR10 YCbCr 4:4:4 Limited SRGB
2705678213648877440 - 1920x1080 100.00Hz Fixed 10bit SDR YCbCr 4:4:4 Limited SRGB
2669649416629913472 - 1920x1080 100.00Hz Fixed 8bit SDR YCbCr 4:4:4 Limited SRGB
1228497535871354752 - 1920x1080 100.00Hz Fixed 10bit SDR RGB Full SRGB
2345390243459237760 - 1920x1080 100.00Hz Fixed 8bit SDR RGB Limited SRGB
1192468738852390784 - 1920x1080 100.00Hz Fixed 8bit SDR RGB Full SRGB
2126578633456488192 - 3840x2160 25.00Hz Fixed 12bit Dolby Full SRGB
3315528935082299136 - 3840x2160 25.00Hz Fixed 12bit Dolby-LLDV Limited SRGB
1982463445380632320 - 3840x2160 25.00Hz Fixed 12bit HDR10 RGB Full SRGB
1946434648361668352 - 3840x2160 25.00Hz Fixed 10bit HDR10 RGB Full SRGB
2991269761911623424 - 3840x2160 25.00Hz Fixed 12bit HDR10 YCbCr 4:2:2 Limited SRGB
2955240964892659456 - 3840x2160 25.00Hz Fixed 10bit HDR10 YCbCr 4:2:2 Limited SRGB
2883183370854731520 - 3840x2160 25.00Hz Fixed 10bit HDR10 YCbCr 4:4:4 Limited SRGB
2703039385759911680 - 3840x2160 25.00Hz Fixed 10bit SDR YCbCr 4:4:4 Limited SRGB
2667010588740947712 - 3840x2160 25.00Hz Fixed 8bit SDR YCbCr 4:4:4 Limited SRGB
2594952994703019776 - 3840x2160 25.00Hz Fixed 10bit SDR YCbCr 4:2:2 Limited SRGB
2558924197684055808 - 3840x2160 25.00Hz Fixed 8bit SDR YCbCr 4:2:2 Limited SRGB
1225858707982388992 - 3840x2160 25.00Hz Fixed 10bit SDR RGB Full SRGB
2342751415570272000 - 3840x2160 25.00Hz Fixed 8bit SDR RGB Limited SRGB
1189829910963425024 - 3840x2160 25.00Hz Fixed 8bit SDR RGB Full SRGB
3315492907286007808 - 4096x2160 23.98Hz Fixed 12bit Dolby-LLDV Limited SRGB
1982427417584340992 - 4096x2160 23.98Hz Fixed 12bit HDR10 RGB Full SRGB
1946398620565377024 - 4096x2160 23.98Hz Fixed 10bit HDR10 RGB Full SRGB
2991233734115332096 - 4096x2160 23.98Hz Fixed 12bit HDR10 YCbCr 4:2:2 Limited SRGB
2955204937096368128 - 4096x2160 23.98Hz Fixed 10bit HDR10 YCbCr 4:2:2 Limited SRGB
2883147343058440192 - 4096x2160 23.98Hz Fixed 10bit HDR10 YCbCr 4:4:4 Limited SRGB
2703003357963620352 - 4096x2160 23.98Hz Fixed 10bit SDR YCbCr 4:4:4 Limited SRGB
2666974560944656384 - 4096x2160 23.98Hz Fixed 8bit SDR YCbCr 4:4:4 Limited SRGB
1225822680186097664 - 4096x2160 23.98Hz Fixed 10bit SDR RGB Full SRGB
2342715387773980672 - 4096x2160 23.98Hz Fixed 8bit SDR RGB Limited SRGB
1189793883167133696 - 4096x2160 23.98Hz Fixed 8bit SDR RGB Full SRGB
2126543449084399360 - 3840x2160 24.00Hz Fixed 12bit Dolby Full SRGB
3315493750710210304 - 3840x2160 24.00Hz Fixed 12bit Dolby-LLDV Limited SRGB
1982428261008543488 - 3840x2160 24.00Hz Fixed 12bit HDR10 RGB Full SRGB
1946399463989579520 - 3840x2160 24.00Hz Fixed 10bit HDR10 RGB Full SRGB
2991234577539534592 - 3840x2160 24.00Hz Fixed 12bit HDR10 YCbCr 4:2:2 Limited SRGB
2955205780520570624 - 3840x2160 24.00Hz Fixed 10bit HDR10 YCbCr 4:2:2 Limited SRGB
2883148186482642688 - 3840x2160 24.00Hz Fixed 10bit HDR10 YCbCr 4:4:4 Limited SRGB
2703004201387822848 - 3840x2160 24.00Hz Fixed 10bit SDR YCbCr 4:4:4 Limited SRGB
2666975404368858880 - 3840x2160 24.00Hz Fixed 8bit SDR YCbCr 4:4:4 Limited SRGB
2594917810330930944 - 3840x2160 24.00Hz Fixed 10bit SDR YCbCr 4:2:2 Limited SRGB
2558889013311966976 - 3840x2160 24.00Hz Fixed 8bit SDR YCbCr 4:2:2 Limited SRGB
1225823523610300160 - 3840x2160 24.00Hz Fixed 10bit SDR RGB Full SRGB
2342716231198183168 - 3840x2160 24.00Hz Fixed 8bit SDR RGB Limited SRGB
1189794726591336192 - 3840x2160 24.00Hz Fixed 8bit SDR RGB Full SRGB
2126542605660196608 - 3840x2160 23.98Hz Fixed 12bit Dolby Full SRGB
3315492907286007552 - 3840x2160 23.98Hz Fixed 12bit Dolby-LLDV Limited SRGB
1982427417584340736 - 3840x2160 23.98Hz Fixed 12bit HDR10 RGB Full SRGB
1946398620565376768 - 3840x2160 23.98Hz Fixed 10bit HDR10 RGB Full SRGB
2991233734115331840 - 3840x2160 23.98Hz Fixed 12bit HDR10 YCbCr 4:2:2 Limited SRGB
2955204937096367872 - 3840x2160 23.98Hz Fixed 10bit HDR10 YCbCr 4:2:2 Limited SRGB
2883147343058439936 - 3840x2160 23.98Hz Fixed 10bit HDR10 YCbCr 4:4:4 Limited SRGB
2703003357963620096 - 3840x2160 23.98Hz Fixed 10bit SDR YCbCr 4:4:4 Limited SRGB
2666974560944656128 - 3840x2160 23.98Hz Fixed 8bit SDR YCbCr 4:4:4 Limited SRGB
2594916966906728192 - 3840x2160 23.98Hz Fixed 10bit SDR YCbCr 4:2:2 Limited SRGB
2558888169887764224 - 3840x2160 23.98Hz Fixed 8bit SDR YCbCr 4:2:2 Limited SRGB
1225822680186097408 - 3840x2160 23.98Hz Fixed 10bit SDR RGB Full SRGB
2342715387773980416 - 3840x2160 23.98Hz Fixed 8bit SDR RGB Limited SRGB
1189793883167133440 - 3840x2160 23.98Hz Fixed 8bit SDR RGB Full SRGB
2145824484978853888 - 2048x1536 60.00Hz Fixed 12bit Dolby Full SRGB
3334774786604664832 - 2048x1536 60.00Hz Fixed 12bit Dolby-LLDV Limited SRGB
2001709296902998016 - 2048x1536 60.00Hz Fixed 12bit HDR10 RGB Full SRGB
1965680499884034048 - 2048x1536 60.00Hz Fixed 10bit HDR10 RGB Full SRGB
3010515613433989120 - 2048x1536 60.00Hz Fixed 12bit HDR10 YCbCr 4:2:2 Limited SRGB
2974486816415025152 - 2048x1536 60.00Hz Fixed 10bit HDR10 YCbCr 4:2:2 Limited SRGB
2902429222377097216 - 2048x1536 60.00Hz Fixed 10bit HDR10 YCbCr 4:4:4 Limited SRGB
2722285237282277376 - 2048x1536 60.00Hz Fixed 10bit SDR YCbCr 4:4:4 Limited SRGB
2686256440263313408 - 2048x1536 60.00Hz Fixed 8bit SDR YCbCr 4:4:4 Limited SRGB
1245104559504754688 - 2048x1536 60.00Hz Fixed 10bit SDR RGB Full SRGB
1209075762485790720 - 2048x1536 60.00Hz Fixed 8bit SDR RGB Full SRGB
2145824484973348736 - 1920x1200 60.00Hz Fixed 12bit Dolby Full SRGB
3334774786599159680 - 1920x1200 60.00Hz Fixed 12bit Dolby-LLDV Limited SRGB
2001709296897492864 - 1920x1200 60.00Hz Fixed 12bit HDR10 RGB Full SRGB
1965680499878528896 - 1920x1200 60.00Hz Fixed 10bit HDR10 RGB Full SRGB
3010515613428483968 - 1920x1200 60.00Hz Fixed 12bit HDR10 YCbCr 4:2:2 Limited SRGB
2974486816409520000 - 1920x1200 60.00Hz Fixed 10bit HDR10 YCbCr 4:2:2 Limited SRGB
2902429222371592064 - 1920x1200 60.00Hz Fixed 10bit HDR10 YCbCr 4:4:4 Limited SRGB
2722285237276772224 - 1920x1200 60.00Hz Fixed 10bit SDR YCbCr 4:4:4 Limited SRGB
2686256440257808256 - 1920x1200 60.00Hz Fixed 8bit SDR YCbCr 4:4:4 Limited SRGB
1245104559499249536 - 1920x1200 60.00Hz Fixed 10bit SDR RGB Full SRGB
1209075762480285568 - 1920x1200 60.00Hz Fixed 8bit SDR RGB Full SRGB
2127810086461900672 - 1920x1080 60.00Hz Fixed 12bit Dolby Full SRGB
3316760388087711616 - 1920x1080 60.00Hz Fixed 12bit Dolby-LLDV Limited SRGB
1983694898386044800 - 1920x1080 60.00Hz Fixed 12bit HDR10 RGB Full SRGB
1947666101367080832 - 1920x1080 60.00Hz Fixed 10bit HDR10 RGB Full SRGB
2992501214917035904 - 1920x1080 60.00Hz Fixed 12bit HDR10 YCbCr 4:2:2 Limited SRGB
2956472417898071936 - 1920x1080 60.00Hz Fixed 10bit HDR10 YCbCr 4:2:2 Limited SRGB
2884414823860144000 - 1920x1080 60.00Hz Fixed 10bit HDR10 YCbCr 4:4:4 Limited SRGB
2704270838765324160 - 1920x1080 60.00Hz Fixed 10bit SDR YCbCr 4:4:4 Limited SRGB
2668242041746360192 - 1920x1080 60.00Hz Fixed 8bit SDR YCbCr 4:4:4 Limited SRGB
1227090160987801472 - 1920x1080 60.00Hz Fixed 10bit SDR RGB Full SRGB
2343982868575684480 - 1920x1080 60.00Hz Fixed 8bit SDR RGB Limited SRGB
1191061363968837504 - 1920x1080 60.00Hz Fixed 8bit SDR RGB Full SRGB
2127807977632958336 - 1920x1080 59.94Hz Fixed 12bit Dolby Full SRGB
3316758279258769280 - 1920x1080 59.94Hz Fixed 12bit Dolby-LLDV Limited SRGB
1983692789557102464 - 1920x1080 59.94Hz Fixed 12bit HDR10 RGB Full SRGB
1947663992538138496 - 1920x1080 59.94Hz Fixed 10bit HDR10 RGB Full SRGB
2992499106088093568 - 1920x1080 59.94Hz Fixed 12bit HDR10 YCbCr 4:2:2 Limited SRGB
2956470309069129600 - 1920x1080 59.94Hz Fixed 10bit HDR10 YCbCr 4:2:2 Limited SRGB
2884412715031201664 - 1920x1080 59.94Hz Fixed 10bit HDR10 YCbCr 4:4:4 Limited SRGB
2704268729936381824 - 1920x1080 59.94Hz Fixed 10bit SDR YCbCr 4:4:4 Limited SRGB
2668239932917417856 - 1920x1080 59.94Hz Fixed 8bit SDR YCbCr 4:4:4 Limited SRGB
1227088052158859136 - 1920x1080 59.94Hz Fixed 10bit SDR RGB Full SRGB
2343980759746742144 - 1920x1080 59.94Hz Fixed 8bit SDR RGB Limited SRGB
1191059255139895168 - 1920x1080 59.94Hz Fixed 8bit SDR RGB Full SRGB
2145824484973348416 - 1600x1200 60.00Hz Fixed 12bit Dolby Full SRGB
3334774786599159360 - 1600x1200 60.00Hz Fixed 12bit Dolby-LLDV Limited SRGB
2001709296897492544 - 1600x1200 60.00Hz Fixed 12bit HDR10 RGB Full SRGB
1965680499878528576 - 1600x1200 60.00Hz Fixed 10bit HDR10 RGB Full SRGB
3010515613428483648 - 1600x1200 60.00Hz Fixed 12bit HDR10 YCbCr 4:2:2 Limited SRGB
2974486816409519680 - 1600x1200 60.00Hz Fixed 10bit HDR10 YCbCr 4:2:2 Limited SRGB
2902429222371591744 - 1600x1200 60.00Hz Fixed 10bit HDR10 YCbCr 4:4:4 Limited SRGB
2722285237276771904 - 1600x1200 60.00Hz Fixed 10bit SDR YCbCr 4:4:4 Limited SRGB
2686256440257807936 - 1600x1200 60.00Hz Fixed 8bit SDR YCbCr 4:4:4 Limited SRGB
1245104559499249216 - 1600x1200 60.00Hz Fixed 10bit SDR RGB Full SRGB
1209075762480285248 - 1600x1200 60.00Hz Fixed 8bit SDR RGB Full SRGB
2145824484970890896 - 1680x1050 60.00Hz Fixed 12bit Dolby Full SRGB
3334774786596701840 - 1680x1050 60.00Hz Fixed 12bit Dolby-LLDV Limited SRGB
2001709296895035024 - 1680x1050 60.00Hz Fixed 12bit HDR10 RGB Full SRGB
1965680499876071056 - 1680x1050 60.00Hz Fixed 10bit HDR10 RGB Full SRGB
3010515613426026128 - 1680x1050 60.00Hz Fixed 12bit HDR10 YCbCr 4:2:2 Limited SRGB
2974486816407062160 - 1680x1050 60.00Hz Fixed 10bit HDR10 YCbCr 4:2:2 Limited SRGB
2902429222369134224 - 1680x1050 60.00Hz Fixed 10bit HDR10 YCbCr 4:4:4 Limited SRGB
2722285237274314384 - 1680x1050 60.00Hz Fixed 10bit SDR YCbCr 4:4:4 Limited SRGB
2686256440255350416 - 1680x1050 60.00Hz Fixed 8bit SDR YCbCr 4:4:4 Limited SRGB
1245104559496791696 - 1680x1050 60.00Hz Fixed 10bit SDR RGB Full SRGB
1209075762477827728 - 1680x1050 60.00Hz Fixed 8bit SDR RGB Full SRGB
2127458242741012352 - 1920x1080 50.00Hz Fixed 12bit Dolby Full SRGB
3316408544366823296 - 1920x1080 50.00Hz Fixed 12bit Dolby-LLDV Limited SRGB
1983343054665156480 - 1920x1080 50.00Hz Fixed 12bit HDR10 RGB Full SRGB
1947314257646192512 - 1920x1080 50.00Hz Fixed 10bit HDR10 RGB Full SRGB
2992149371196147584 - 1920x1080 50.00Hz Fixed 12bit HDR10 YCbCr 4:2:2 Limited SRGB
2956120574177183616 - 1920x1080 50.00Hz Fixed 10bit HDR10 YCbCr 4:2:2 Limited SRGB
2884062980139255680 - 1920x1080 50.00Hz Fixed 10bit HDR10 YCbCr 4:4:4 Limited SRGB
2703918995044435840 - 1920x1080 50.00Hz Fixed 10bit SDR YCbCr 4:4:4 Limited SRGB
2667890198025471872 - 1920x1080 50.00Hz Fixed 8bit SDR YCbCr 4:4:4 Limited SRGB
1226738317266913152 - 1920x1080 50.00Hz Fixed 10bit SDR RGB Full SRGB
2343631024854796160 - 1920x1080 50.00Hz Fixed 8bit SDR RGB Limited SRGB
1190709520247949184 - 1920x1080 50.00Hz Fixed 8bit SDR RGB Full SRGB
2145824484970890616 - 1400x1050 60.00Hz Fixed 12bit Dolby Full SRGB
3334774786596701560 - 1400x1050 60.00Hz Fixed 12bit Dolby-LLDV Limited SRGB
2001709296895034744 - 1400x1050 60.00Hz Fixed 12bit HDR10 RGB Full SRGB
1965680499876070776 - 1400x1050 60.00Hz Fixed 10bit HDR10 RGB Full SRGB
3010515613426025848 - 1400x1050 60.00Hz Fixed 12bit HDR10 YCbCr 4:2:2 Limited SRGB
2974486816407061880 - 1400x1050 60.00Hz Fixed 10bit HDR10 YCbCr 4:2:2 Limited SRGB
2902429222369133944 - 1400x1050 60.00Hz Fixed 10bit HDR10 YCbCr 4:4:4 Limited SRGB
2722285237274314104 - 1400x1050 60.00Hz Fixed 10bit SDR YCbCr 4:4:4 Limited SRGB
2686256440255350136 - 1400x1050 60.00Hz Fixed 8bit SDR YCbCr 4:4:4 Limited SRGB
1245104559496791416 - 1400x1050 60.00Hz Fixed 10bit SDR RGB Full SRGB
1209075762477827448 - 1400x1050 60.00Hz Fixed 8bit SDR RGB Full SRGB
2145824484970464512 - 1280x1024 60.00Hz Fixed 12bit Dolby Full SRGB
3316760388086793472 - 1280x1024 60.00Hz Fixed 12bit Dolby-LLDV Limited SRGB
1983694898385126656 - 1280x1024 60.00Hz Fixed 12bit HDR10 RGB Full SRGB
1947666101366162688 - 1280x1024 60.00Hz Fixed 10bit HDR10 RGB Full SRGB
2992501214916117760 - 1280x1024 60.00Hz Fixed 12bit HDR10 YCbCr 4:2:2 Limited SRGB
2956472417897153792 - 1280x1024 60.00Hz Fixed 10bit HDR10 YCbCr 4:2:2 Limited SRGB
2884414823859225856 - 1280x1024 60.00Hz Fixed 10bit HDR10 YCbCr 4:4:4 Limited SRGB
2704270838764406016 - 1280x1024 60.00Hz Fixed 10bit SDR YCbCr 4:4:4 Limited SRGB
2668242041745442048 - 1280x1024 60.00Hz Fixed 8bit SDR YCbCr 4:4:4 Limited SRGB
1227090160986883328 - 1280x1024 60.00Hz Fixed 10bit SDR RGB Full SRGB
1191061363967919360 - 1280x1024 60.00Hz Fixed 8bit SDR RGB Full SRGB
2126754555299235712 - 1920x1080 30.00Hz Fixed 12bit Dolby Full SRGB
3315704856925046656 - 1920x1080 30.00Hz Fixed 12bit Dolby-LLDV Limited SRGB
1982639367223379840 - 1920x1080 30.00Hz Fixed 12bit HDR10 RGB Full SRGB
1946610570204415872 - 1920x1080 30.00Hz Fixed 10bit HDR10 RGB Full SRGB
2991445683754370944 - 1920x1080 30.00Hz Fixed 12bit HDR10 YCbCr 4:2:2 Limited SRGB
2955416886735406976 - 1920x1080 30.00Hz Fixed 10bit HDR10 YCbCr 4:2:2 Limited SRGB
2883359292697479040 - 1920x1080 30.00Hz Fixed 10bit HDR10 YCbCr 4:4:4 Limited SRGB
2703215307602659200 - 1920x1080 30.00Hz Fixed 10bit SDR YCbCr 4:4:4 Limited SRGB
2667186510583695232 - 1920x1080 30.00Hz Fixed 8bit SDR YCbCr 4:4:4 Limited SRGB
1226034629825136512 - 1920x1080 30.00Hz Fixed 10bit SDR RGB Full SRGB
2342927337413019520 - 1920x1080 30.00Hz Fixed 8bit SDR RGB Limited SRGB
1190005832806172544 - 1920x1080 30.00Hz Fixed 8bit SDR RGB Full SRGB
2126753500884764544 - 1920x1080 29.97Hz Fixed 12bit Dolby Full SRGB
3315703802510575488 - 1920x1080 29.97Hz Fixed 12bit Dolby-LLDV Limited SRGB
1982638312808908672 - 1920x1080 29.97Hz Fixed 12bit HDR10 RGB Full SRGB
1946609515789944704 - 1920x1080 29.97Hz Fixed 10bit HDR10 RGB Full SRGB
2991444629339899776 - 1920x1080 29.97Hz Fixed 12bit HDR10 YCbCr 4:2:2 Limited SRGB
2955415832320935808 - 1920x1080 29.97Hz Fixed 10bit HDR10 YCbCr 4:2:2 Limited SRGB
2883358238283007872 - 1920x1080 29.97Hz Fixed 10bit HDR10 YCbCr 4:4:4 Limited SRGB
2703214253188188032 - 1920x1080 29.97Hz Fixed 10bit SDR YCbCr 4:4:4 Limited SRGB
2667185456169224064 - 1920x1080 29.97Hz Fixed 8bit SDR YCbCr 4:4:4 Limited SRGB
1226033575410665344 - 1920x1080 29.97Hz Fixed 10bit SDR RGB Full SRGB
2342926282998548352 - 1920x1080 29.97Hz Fixed 8bit SDR RGB Limited SRGB
1190004778391701376 - 1920x1080 29.97Hz Fixed 8bit SDR RGB Full SRGB
2145824484966270208 - 1280x768 60.00Hz Fixed 12bit Dolby Full SRGB
3334774786592081152 - 1280x768 60.00Hz Fixed 12bit Dolby-LLDV Limited SRGB
2001709296890414336 - 1280x768 60.00Hz Fixed 12bit HDR10 RGB Full SRGB
1965680499871450368 - 1280x768 60.00Hz Fixed 10bit HDR10 RGB Full SRGB
3010515613421405440 - 1280x768 60.00Hz Fixed 12bit HDR10 YCbCr 4:2:2 Limited SRGB
2974486816402441472 - 1280x768 60.00Hz Fixed 10bit HDR10 YCbCr 4:2:2 Limited SRGB
2902429222364513536 - 1280x768 60.00Hz Fixed 10bit HDR10 YCbCr 4:4:4 Limited SRGB
2722285237269693696 - 1280x768 60.00Hz Fixed 10bit SDR YCbCr 4:4:4 Limited SRGB
2686256440250729728 - 1280x768 60.00Hz Fixed 8bit SDR YCbCr 4:4:4 Limited SRGB
1245104559492171008 - 1280x768 60.00Hz Fixed 10bit SDR RGB Full SRGB
1209075762473207040 - 1280x768 60.00Hz Fixed 8bit SDR RGB Full SRGB
2145824484965483776 - 1280x720 60.00Hz Fixed 12bit Dolby Full SRGB
3316760388081812736 - 1280x720 60.00Hz Fixed 12bit Dolby-LLDV Limited SRGB
1983694898380145920 - 1280x720 60.00Hz Fixed 12bit HDR10 RGB Full SRGB
1947666101361181952 - 1280x720 60.00Hz Fixed 10bit HDR10 RGB Full SRGB
2992501214911137024 - 1280x720 60.00Hz Fixed 12bit HDR10 YCbCr 4:2:2 Limited SRGB
2956472417892173056 - 1280x720 60.00Hz Fixed 10bit HDR10 YCbCr 4:2:2 Limited SRGB
2884414823854245120 - 1280x720 60.00Hz Fixed 10bit HDR10 YCbCr 4:4:4 Limited SRGB
2704270838759425280 - 1280x720 60.00Hz Fixed 10bit SDR YCbCr 4:4:4 Limited SRGB
2668242041740461312 - 1280x720 60.00Hz Fixed 8bit SDR YCbCr 4:4:4 Limited SRGB
1227090160981902592 - 1280x720 60.00Hz Fixed 10bit SDR RGB Full SRGB
2343982868569785600 - 1280x720 60.00Hz Fixed 8bit SDR RGB Limited SRGB
1191061363962938624 - 1280x720 60.00Hz Fixed 8bit SDR RGB Full SRGB
3316758279252870400 - 1280x720 59.94Hz Fixed 12bit Dolby-LLDV Limited SRGB
1983692789551203584 - 1280x720 59.94Hz Fixed 12bit HDR10 RGB Full SRGB
1947663992532239616 - 1280x720 59.94Hz Fixed 10bit HDR10 RGB Full SRGB
2992499106082194688 - 1280x720 59.94Hz Fixed 12bit HDR10 YCbCr 4:2:2 Limited SRGB
2956470309063230720 - 1280x720 59.94Hz Fixed 10bit HDR10 YCbCr 4:2:2 Limited SRGB
2884412715025302784 - 1280x720 59.94Hz Fixed 10bit HDR10 YCbCr 4:4:4 Limited SRGB
2704268729930482944 - 1280x720 59.94Hz Fixed 10bit SDR YCbCr 4:4:4 Limited SRGB
2668239932911518976 - 1280x720 59.94Hz Fixed 8bit SDR YCbCr 4:4:4 Limited SRGB
1227088052152960256 - 1280x720 59.94Hz Fixed 10bit SDR RGB Full SRGB
2343980759740843264 - 1280x720 59.94Hz Fixed 8bit SDR RGB Limited SRGB
1191059255133996288 - 1280x720 59.94Hz Fixed 8bit SDR RGB Full SRGB
2126578633438791552 - 1920x1080 25.00Hz Fixed 12bit Dolby Full SRGB
3315528935064602496 - 1920x1080 25.00Hz Fixed 12bit Dolby-LLDV Limited SRGB
1982463445362935680 - 1920x1080 25.00Hz Fixed 12bit HDR10 RGB Full SRGB
1946434648343971712 - 1920x1080 25.00Hz Fixed 10bit HDR10 RGB Full SRGB
2991269761893926784 - 1920x1080 25.00Hz Fixed 12bit HDR10 YCbCr 4:2:2 Limited SRGB
2955240964874962816 - 1920x1080 25.00Hz Fixed 10bit HDR10 YCbCr 4:2:2 Limited SRGB
2883183370837034880 - 1920x1080 25.00Hz Fixed 10bit HDR10 YCbCr 4:4:4 Limited SRGB
2703039385742215040 - 1920x1080 25.00Hz Fixed 10bit SDR YCbCr 4:4:4 Limited SRGB
2667010588723251072 - 1920x1080 25.00Hz Fixed 8bit SDR YCbCr 4:4:4 Limited SRGB
1225858707964692352 - 1920x1080 25.00Hz Fixed 10bit SDR RGB Full SRGB
2342751415552575360 - 1920x1080 25.00Hz Fixed 8bit SDR RGB Limited SRGB
1189829910945728384 - 1920x1080 25.00Hz Fixed 8bit SDR RGB Full SRGB
2126543449066702720 - 1920x1080 24.00Hz Fixed 12bit Dolby Full SRGB
3315493750692513664 - 1920x1080 24.00Hz Fixed 12bit Dolby-LLDV Limited SRGB
1982428260990846848 - 1920x1080 24.00Hz Fixed 12bit HDR10 RGB Full SRGB
1946399463971882880 - 1920x1080 24.00Hz Fixed 10bit HDR10 RGB Full SRGB
2991234577521837952 - 1920x1080 24.00Hz Fixed 12bit HDR10 YCbCr 4:2:2 Limited SRGB
2955205780502873984 - 1920x1080 24.00Hz Fixed 10bit HDR10 YCbCr 4:2:2 Limited SRGB
2883148186464946048 - 1920x1080 24.00Hz Fixed 10bit HDR10 YCbCr 4:4:4 Limited SRGB
2703004201370126208 - 1920x1080 24.00Hz Fixed 10bit SDR YCbCr 4:4:4 Limited SRGB
2666975404351162240 - 1920x1080 24.00Hz Fixed 8bit SDR YCbCr 4:4:4 Limited SRGB
1225823523592603520 - 1920x1080 24.00Hz Fixed 10bit SDR RGB Full SRGB
2342716231180486528 - 1920x1080 24.00Hz Fixed 8bit SDR RGB Limited SRGB
1189794726573639552 - 1920x1080 24.00Hz Fixed 8bit SDR RGB Full SRGB
2126542605642499968 - 1920x1080 23.98Hz Fixed 12bit Dolby Full SRGB
3315492907268310912 - 1920x1080 23.98Hz Fixed 12bit Dolby-LLDV Limited SRGB
1982427417566644096 - 1920x1080 23.98Hz Fixed 12bit HDR10 RGB Full SRGB
1946398620547680128 - 1920x1080 23.98Hz Fixed 10bit HDR10 RGB Full SRGB
2991233734097635200 - 1920x1080 23.98Hz Fixed 12bit HDR10 YCbCr 4:2:2 Limited SRGB
2955204937078671232 - 1920x1080 23.98Hz Fixed 10bit HDR10 YCbCr 4:2:2 Limited SRGB
2883147343040743296 - 1920x1080 23.98Hz Fixed 10bit HDR10 YCbCr 4:4:4 Limited SRGB
2703003357945923456 - 1920x1080 23.98Hz Fixed 10bit SDR YCbCr 4:4:4 Limited SRGB
2666974560926959488 - 1920x1080 23.98Hz Fixed 8bit SDR YCbCr 4:4:4 Limited SRGB
1225822680168400768 - 1920x1080 23.98Hz Fixed 10bit SDR RGB Full SRGB
2342715387756283776 - 1920x1080 23.98Hz Fixed 8bit SDR RGB Limited SRGB
1189793883149436800 - 1920x1080 23.98Hz Fixed 8bit SDR RGB Full SRGB
2145824484966269952 - 1024x768 60.00Hz Fixed 12bit Dolby Full SRGB
3316760388082598912 - 1024x768 60.00Hz Fixed 12bit Dolby-LLDV Limited SRGB
1983694898380932096 - 1024x768 60.00Hz Fixed 12bit HDR10 RGB Full SRGB
1947666101361968128 - 1024x768 60.00Hz Fixed 10bit HDR10 RGB Full SRGB
2992501214911923200 - 1024x768 60.00Hz Fixed 12bit HDR10 YCbCr 4:2:2 Limited SRGB
2956472417892959232 - 1024x768 60.00Hz Fixed 10bit HDR10 YCbCr 4:2:2 Limited SRGB
2884414823855031296 - 1024x768 60.00Hz Fixed 10bit HDR10 YCbCr 4:4:4 Limited SRGB
2704270838760211456 - 1024x768 60.00Hz Fixed 10bit SDR YCbCr 4:4:4 Limited SRGB
2668242041741247488 - 1024x768 60.00Hz Fixed 8bit SDR YCbCr 4:4:4 Limited SRGB
1227090160982688768 - 1024x768 60.00Hz Fixed 10bit SDR RGB Full SRGB
1191061363963724800 - 1024x768 60.00Hz Fixed 8bit SDR RGB Full SRGB
3316408544360924416 - 1280x720 50.00Hz Fixed 12bit Dolby-LLDV Limited SRGB
1983343054659257600 - 1280x720 50.00Hz Fixed 12bit HDR10 RGB Full SRGB
1947314257640293632 - 1280x720 50.00Hz Fixed 10bit HDR10 RGB Full SRGB
2992149371190248704 - 1280x720 50.00Hz Fixed 12bit HDR10 YCbCr 4:2:2 Limited SRGB
2956120574171284736 - 1280x720 50.00Hz Fixed 10bit HDR10 YCbCr 4:2:2 Limited SRGB
2884062980133356800 - 1280x720 50.00Hz Fixed 10bit HDR10 YCbCr 4:4:4 Limited SRGB
2703918995038536960 - 1280x720 50.00Hz Fixed 10bit SDR YCbCr 4:4:4 Limited SRGB
2667890198019572992 - 1280x720 50.00Hz Fixed 8bit SDR YCbCr 4:4:4 Limited SRGB
1226738317261014272 - 1280x720 50.00Hz Fixed 10bit SDR RGB Full SRGB
2343631024848897280 - 1280x720 50.00Hz Fixed 8bit SDR RGB Limited SRGB
1190709520242050304 - 1280x720 50.00Hz Fixed 8bit SDR RGB Full SRGB
2145824484963517216 - 800x600 60.00Hz Fixed 12bit Dolby Full SRGB
3316760388079846176 - 800x600 60.00Hz Fixed 12bit Dolby-LLDV Limited SRGB
1983694898378179360 - 800x600 60.00Hz Fixed 12bit HDR10 RGB Full SRGB
1947666101359215392 - 800x600 60.00Hz Fixed 10bit HDR10 RGB Full SRGB
2992501214909170464 - 800x600 60.00Hz Fixed 12bit HDR10 YCbCr 4:2:2 Limited SRGB
2956472417890206496 - 800x600 60.00Hz Fixed 10bit HDR10 YCbCr 4:2:2 Limited SRGB
2884414823852278560 - 800x600 60.00Hz Fixed 10bit HDR10 YCbCr 4:4:4 Limited SRGB
2704270838757458720 - 800x600 60.00Hz Fixed 10bit SDR YCbCr 4:4:4 Limited SRGB
2668242041738494752 - 800x600 60.00Hz Fixed 8bit SDR YCbCr 4:4:4 Limited SRGB
1227090160979936032 - 800x600 60.00Hz Fixed 10bit SDR RGB Full SRGB
1191061363960972064 - 800x600 60.00Hz Fixed 8bit SDR RGB Full SRGB
3316760388077880016 - 720x480 60.00Hz Fixed 12bit Dolby-LLDV Limited SRGB
1983694898376213200 - 720x480 60.00Hz Fixed 12bit HDR10 RGB Full SRGB
1947666101357249232 - 720x480 60.00Hz Fixed 10bit HDR10 RGB Full SRGB
2992501214907204304 - 720x480 60.00Hz Fixed 12bit HDR10 YCbCr 4:2:2 Limited SRGB
2956472417888240336 - 720x480 60.00Hz Fixed 10bit HDR10 YCbCr 4:2:2 Limited SRGB
2884414823850312400 - 720x480 60.00Hz Fixed 10bit HDR10 YCbCr 4:4:4 Limited SRGB
2704270838755492560 - 720x480 60.00Hz Fixed 10bit SDR YCbCr 4:4:4 Limited SRGB
2668242041736528592 - 720x480 60.00Hz Fixed 8bit SDR YCbCr 4:4:4 Limited SRGB
1227090160977969872 - 720x480 60.00Hz Fixed 10bit SDR RGB Full SRGB
2343982868565852880 - 720x480 60.00Hz Fixed 8bit SDR RGB Limited SRGB
1191061363959005904 - 720x480 60.00Hz Fixed 8bit SDR RGB Full SRGB
3316408544358564560 - 720x576 50.00Hz Fixed 12bit Dolby-LLDV Limited SRGB
1983343054656897744 - 720x576 50.00Hz Fixed 12bit HDR10 RGB Full SRGB
1947314257637933776 - 720x576 50.00Hz Fixed 10bit HDR10 RGB Full SRGB
2992149371187888848 - 720x576 50.00Hz Fixed 12bit HDR10 YCbCr 4:2:2 Limited SRGB
2956120574168924880 - 720x576 50.00Hz Fixed 10bit HDR10 YCbCr 4:2:2 Limited SRGB
2884062980130996944 - 720x576 50.00Hz Fixed 10bit HDR10 YCbCr 4:4:4 Limited SRGB
2703918995036177104 - 720x576 50.00Hz Fixed 10bit SDR YCbCr 4:4:4 Limited SRGB
2667890198017213136 - 720x576 50.00Hz Fixed 8bit SDR YCbCr 4:4:4 Limited SRGB
1226738317258654416 - 720x576 50.00Hz Fixed 10bit SDR RGB Full SRGB
2343631024846537424 - 720x576 50.00Hz Fixed 8bit SDR RGB Limited SRGB
1190709520239690448 - 720x576 50.00Hz Fixed 8bit SDR RGB Full SRGB
3316758279248937680 - 720x480 59.94Hz Fixed 12bit Dolby-LLDV Limited SRGB
1983692789547270864 - 720x480 59.94Hz Fixed 12bit HDR10 RGB Full SRGB
1947663992528306896 - 720x480 59.94Hz Fixed 10bit HDR10 RGB Full SRGB
2992499106078261968 - 720x480 59.94Hz Fixed 12bit HDR10 YCbCr 4:2:2 Limited SRGB
2956470309059298000 - 720x480 59.94Hz Fixed 10bit HDR10 YCbCr 4:2:2 Limited SRGB
2884412715021370064 - 720x480 59.94Hz Fixed 10bit HDR10 YCbCr 4:4:4 Limited SRGB
2704268729926550224 - 720x480 59.94Hz Fixed 10bit SDR YCbCr 4:4:4 Limited SRGB
2668239932907586256 - 720x480 59.94Hz Fixed 8bit SDR YCbCr 4:4:4 Limited SRGB
1227088052149027536 - 720x480 59.94Hz Fixed 10bit SDR RGB Full SRGB
2343980759736910544 - 720x480 59.94Hz Fixed 8bit SDR RGB Limited SRGB
1191059255130063568 - 720x480 59.94Hz Fixed 8bit SDR RGB Full SRGB
2145824484961550976 - 640x480 60.00Hz Fixed 12bit Dolby Full SRGB
3316760388077879936 - 640x480 60.00Hz Fixed 12bit Dolby-LLDV Limited SRGB
1983694898376213120 - 640x480 60.00Hz Fixed 12bit HDR10 RGB Full SRGB
1947666101357249152 - 640x480 60.00Hz Fixed 10bit HDR10 RGB Full SRGB
2992501214907204224 - 640x480 60.00Hz Fixed 12bit HDR10 YCbCr 4:2:2 Limited SRGB
2956472417888240256 - 640x480 60.00Hz Fixed 10bit HDR10 YCbCr 4:2:2 Limited SRGB
2884414823850312320 - 640x480 60.00Hz Fixed 10bit HDR10 YCbCr 4:4:4 Limited SRGB
2704270838755492480 - 640x480 60.00Hz Fixed 10bit SDR YCbCr 4:4:4 Limited SRGB
2668242041736528512 - 640x480 60.00Hz Fixed 8bit SDR YCbCr 4:4:4 Limited SRGB
2614198846208082560 - 640x480 60.00Hz Fixed 10bit SDR YCbCr 4:2:2 Limited SRGB
2578170049189118592 - 640x480 60.00Hz Fixed 8bit SDR YCbCr 4:2:2 Limited SRGB
1227090160977969792 - 640x480 60.00Hz Fixed 10bit SDR RGB Full SRGB
1191061363959005824 - 640x480 60.00Hz Fixed 8bit SDR RGB Full SRGB


=== Read-only connectionModeList ===
Exit: 0
1229201223330828032 - 3840x2160 120.00Hz Fixed 10bit SDR RGB Full SRGB
1193172426311864064 - 3840x2160 120.00Hz Fixed 8bit SDR RGB Full SRGB
2346093930918711040 - 3840x2160 120.00Hz Fixed 8bit SDR RGB Limited SRGB
2706381901108350720 - 3840x2160 120.00Hz Fixed 10bit SDR YCbCr 4:4:4 Limited SRGB
2670353104089386752 - 3840x2160 120.00Hz Fixed 8bit SDR YCbCr 4:4:4 Limited SRGB
2598295510051458816 - 3840x2160 120.00Hz Fixed 10bit SDR YCbCr 4:2:2 Limited SRGB
2562266713032494848 - 3840x2160 120.00Hz Fixed 8bit SDR YCbCr 4:2:2 Limited SRGB


=== Read-only preferredConnectionMode ===
Exit: 0
1227090161005498112 - 3840x2160 60.00Hz Fixed 10bit SDR RGB Full SRGB

=== Read-only connectionMode ===
Exit: 0
1229201223330828032 - 3840x2160 120.00Hz Fixed 10bit SDR RGB Full SRGB

=== Read-only displayInformation ===
Exit: 0
Display Information
BetterDisplay Version 5.0.6 Build 53700

LG TV SSCR2 - Third-party external display - Connected

Identifiers
-----------
Tag ID: 3
Serial number: 1010101
Vendor ID: 1E6D (GSM)
Model ID: 01
Product name: LG TV SSCR2
Alphanumeric serial: n/a
Year of manufacture: 2022
Week of manufacture: 1
UUID: 0A65EDC5-C030-4BD5-8B0C-3FFE1ECCDE42
Dimensions (unrotated): 1625.60mm x 914.40mm
Registry location: IOService:/AppleARMPE/arm-io/AppleT600xIO/dispext0@88000000/AppleCLCD2
Metal device: Apple M1 Pro
Platform: Apple silicon
I2C service name: DCPAVServiceProxy
DDC messaging: Standard
CGDirectDisplayID: 2
Configuration run ID: 117
First added: 4. Oct 2026 at 19:32:57
Last detected: 7. Oct 2026 at 23:31:17
Last undetected: 7. Oct 2026 at 22:13:49

Capabilities
------------
Software control: Yes
Hardware control (Apple): No
Colour table alteration capable: Yes
Potentially DDC compatible: Yes
Supports proper HiDPI: Yes
Supports changing orientation: Yes
Supports variable refresh rate: No
Supports Apple Display Presets: No
Supports Colour Profiles: Yes
Supports HDR: Yes
Current timing supports HDR: Yes
Current scaling supports HDR: Yes
HDR enabled: No
XDR/HDR upscaling available: Yes
Current EDR: 1.0
Potential EDR: 1.0
Reference EDR: 1.0
Minimum HDR luminance: 0,01 nits
Peak luminance: 1.020 nits
Horizontal GPU resolution limit: 3840 pixels HiDPI (7680 pixels LoDPI)

Current Display Mode
--------------------
Mode number: 114
Logical width: 1920
Logical height: 1080
HiDPI: No
Pixel width: 1920
Pixel height: 1080
Bits per sample: 10
Samples per pixel: 3
Bits per pixel: 32
Pixel encoding: --RRRRRRRRRRGGGGGGGGGGBBBBBBBBBB\0\0\0\0\0\0\0\0\0\0\0\0\0\0\0\0\0\0\0\0\0\0\0\0\0\0\0\0\0\0\0\0
1:1 pixel mapped resolution: No
Default resolution: No
Refresh string: 120Hz
Variable refresh rate: No
Max refresh rate: 120
Min refresh rate: 120
Fixed-point refresh rate: 7.864.320 (interpreted as 120,000000)
Row bytes: 7680
Horizontal density: 30
Vertical density: 30
Flags: 00000003
Unsafe mode: No
Invalid mode: No

Current Display Mode (Connection Level)
---------------------------------------
Description:  3840 x 2160 RGB 10bit full
Dimensions: 3840 x 2160
Refresh Rate: 119.99999731779099
Variable Refresh Rate: No
Bit Depth: 10 bits per sample
Colour Mode: RGBFullRange
YCbCr: No
HDR/SDR Mode: SDR
Colour Gamut: gamut_SRGB
Virtual: No
Pixel Aspect Ratio: 1.0
Preferred Scale: 2

Preferred Display Mode (Connection Level)
-----------------------------------------
Description:  3840 x 2160 RGB 10bit full
Dimensions: 3840 x 2160
Refresh Rate: 59.99999865889549
Variable Refresh Rate: No
Bit Depth: 10 bits per sample
Colour Mode: RGBFullRange
YCbCr: No
HDR/SDR Mode: SDR
Colour Gamut: gamut_SRGB
Virtual: No
Pixel Aspect Ratio: 1.0
Preferred Scale: 2

Link Information
----------------
Estimated uncompressed payload: 29,86 Gbps
Display Stream Compression (DSC): Yes
Estimated compressed payload: 15,93 Gbps
Estimated compression ratio: 1,88:1
Connection type: DisplayPort
Transmission mode: HBR3
Link rate: 8,10 Gbps/lane
Lane count: 4
Raw link bandwidth: 32,40 Gbps
Effective link bandwidth: 25,92 Gbps
Link encoding: 8b/10b
HDCP support: HDCP 1.x, HDCP 2.x
Data source: DisplayPort branch device
DSC version: 1.2
DSC bits per component: 10
DSC line buffer depth: 11
DSC target bits per pixel: 16,00
DSC picture size: 3840 x 2160
DSC slice size: 960 x 2160
DSC chunk size: 1920 bytes

Sidecar Configuration
---------------------
Name: LG TV SSCR2
Sidecar UUID: n/a
State: Unknown

Colour Profile Configuration
----------------------------
Device Class: mntr
Device Description: LG TV SSCR2
Device Host Scope: kCFPreferencesCurrentHost
Device ID: <CFUUID 0x993f0d8e0> 0A65EDC5-C030-4BD5-8B0C-3FFE1ECCDE42
Device User Scope: kCFPreferencesAnyUser
Factory Profiles / 1 / Device Mode Description: LG TV SSCR2
Factory Profiles / 1 / Device Profile URL: file:///Library/ColorSync/Profiles/Displays/LG%20TV%20SSCR2-0A65EDC5-C030-4BD5-8B0C-3FFE1ECCDE42.icc
Factory Profiles / Device Default Profile ID: 1

Display Information
-------------------
Display Supports Rotation: 1 (Yes)
Display Is Exclusive: 0 (No)
Display Horizontal Image Size: 1.600
Display Supports Dynamic Geometry: 0 (No)
Display Blue Point X: 0.1503906
Display Product ID: 1 (Yes)
Display Year Manufacture: 2.022
Display Is Virtual Device: 0 (No)
Display Blue Point Y: 0.05957031
Slope Limit Gamma: 1 (Yes)
Display-icon: public.display
Display UUID: 0A65EDC5-C030-4BD5-8B0C-3FFE1ECCDE42
Display Transport Type: 1 (Yes)
Display Is Air Play: 0 (No)
Display Product Name / Hr_ HR: LG TV SSCR2
Display Product Name / Ko_ KR: LG TV SSCR2
Display Product Name / Nb_ NO: LG TV SSCR2
Display Product Name / Id: LG TV SSCR2
Display Product Name / Hu_ HU: LG TV SSCR2
Display Product Name / Cs_ CZ: LG TV SSCR2
Display Product Name / Sl_ SI: LG TV SSCR2
Display Product Name / Da_ DK: LG TV SSCR2
Display Product Name / Uk_ UA: LG TV SSCR2
Display Product Name / Fr_ CA: LG TV SSCR2
Display Product Name / It_ IT: LG TV SSCR2
Display Product Name / Zh_ TW: LG TV SSCR2
Display Product Name / Ar: LG TV SSCR2
Display Product Name / He_ IL: LG TV SSCR2
Display Product Name / Es_ ES: LG TV SSCR2
Display Product Name / Nl_ NL: LG TV SSCR2
Display Product Name / Fi_ FI: LG TV SSCR2
Display Product Name / Ro_ RO: LG TV SSCR2
Display Product Name / Vi_ VN: LG TV SSCR2
Display Product Name / Sk_ SK: LG TV SSCR2
Display Product Name / Zh_ CN: LG TV SSCR2
Display Product Name / Ru_ RU: LG TV SSCR2
Display Product Name / En_ GB: LG TV SSCR2
Display Product Name / Fr_ FR: LG TV SSCR2
Display Product Name / Ms: LG TV SSCR2
Display Product Name / Hi_ IN: LG TV SSCR2
Display Product Name / Th_ TH: LG TV SSCR2
Display Product Name / Ca_ ES: LG TV SSCR2
Display Product Name / Es_ XL: LG TV SSCR2
Display Product Name / En_ AU: LG TV SSCR2
Display Product Name / De_ DE: LG TV SSCR2
Display Product Name / En_ US: LG TV SSCR2
Display Product Name / Pt_ BR: LG TV SSCR2
Display Product Name / Pl_ PL: LG TV SSCR2
Display Product Name / El_ GR: LG TV SSCR2
Display Product Name / Sv_ SE: LG TV SSCR2
Display Product Name / Tr_ TR: LG TV SSCR2
Display Product Name / Ja_ JP: LG TV SSCR2
Display Product Name / Pt_ PT: LG TV SSCR2
Display Green Point X: 0.2998047
Display Vertical Image Size: 900
Display White Gamma: 2.199997
Display Is SLVD Exclusive: 0 (No)
Display Serial Number: 16.843.009
Display Pixel Width: 3.840
Display Week Manufacture: 1 (Yes)
Display Green Point Y: 0.5996094
IO Display Is Digital: 1 (Yes)
IO Display Location: IOService:/AppleARMPE/arm-io/AppleT600xIO/dispext0@88000000/AppleCLCD2
Display Pixel Height: 2.160
Display ID: 2
Display White Point X: 0.3125
Display Is Presentation Display: 1 (Yes)
Display Is Presentation Mode Enabled: 0 (No)
Display DPI Cutoff: 300
Display Vendor ID: 7.789
Display CA Device Name: external-0
Display Dynamic Geometry Enabled: 0 (No)
Display White Point Y: 0.3291016
Display Is DFR: 0 (No)
Display Supports Underscan: 0 (No)
Display Red Point X: 0.6396484
Display Bundle URL: /System/Library/Displays
Display Red Point Y: 0.3300781
Aspect Ratio: 15
Backlight Luminance Min: 4.915.200
Chromaticity / Blue / X: 9.856
Chromaticity / Blue / Y: 3.904
Chromaticity / Green / X: 19.648
Chromaticity / Green / Y: 39.296
Chromaticity / Red / X: 41.920
Chromaticity / Red / Y: 21.632
Continuous Frequency Support: None
Default Color Space Is SRGB: 0 (No)
Default White Point / Gamma: 144.179
Default White Point / X: 20.480
Default White Point / Y: 21.568
Dolby Vision Chromaticity / Blue / X: 9.984
Dolby Vision Chromaticity / Blue / Y: 2.816
Dolby Vision Chromaticity / Green / X: 16.128
Dolby Vision Chromaticity / Green / Y: 43.520
Dolby Vision Chromaticity / Red / X: 44.288
Dolby Vision Chromaticity / Red / Y: 20.224
Dolby Vision DM Version: 64
Dolby Vision Global Dimming: 0 (No)
Dolby Vision Luminance / Max: 67.968.107
Dolby Vision Luminance / Min: 543
Dolby Vision Supports 2160p 60 Hz: 1 (Yes)
Dolby Vision White Point / X: 20.493
Dolby Vision White Point / Y: 21.561
Has HDMI Legacy EDID: 0 (No)
Luminance / Max: 67.968.107
Luminance / Min: 543
Max Horizontal Image Size: 160
Max Vertical Image Size: 90
Maximum Refresh Rate: 120
Maximum Variable Refresh Rate: 7.864.320
Minimum Refresh Rate: 24
Minimum Variable Refresh Rate: 1.572.864
Native Format Horizontal Pixels: 3.840
Native Format Vertical Pixels: 2.160
Port ID: 32
Precise Aspect Ratio: 116.508
Product Attributes /  Product ID: 1 (Yes)
Product Attributes /  Week Of Manufacture: 1 (Yes)
Product Attributes / Legacy Manufacturer ID: 7.789
Product Attributes / Manufacturer ID: GSM
Product Attributes / Product Name: LG TV SSCR2
Product Attributes / Serial Number: 16.843.009
Product Attributes / Year Of Manufacture: 2.022
Supports Active Off: 0 (No)
Supports BT 2020 RGB: 512
Supports BT 2020 YCC: 128
Supports BT 2020c YCC: 0 (No)
Supports Backlight Control: 0 (No)
Supports Discrete Media Refresh Rate: 0 (No)
Supports HDR Gamma EOTF: 0 (No)
Supports HDR Static Metadata Type 1: 1 (Yes)
Supports HLGEOTF: 1 (Yes)
Supports PQEOTF: 1 (Yes)
Supports Standby: 0 (No)
Supports Suspend: 0 (No)
Supports Variable Refresh Rate: 0 (No)
Variable Refresh Rate Requires Ramp Rate Limits: 0 (No)
White Points - 1 / Gamma: 144.179
White Points - 1 / X: 20.480
White Points - 1 / Y: 21.568
Bounds: NSRect: {{0, 0}, {1920, 1080}}
Cloned: 0 (No)
Cloning: 0 (No)
Cloning Supported: 0 (No)
Connection Seed: 85
Container Id: 
Current Orientation: rot0
Device Name: external-0
Display Id: 2
Display Type: 1 (Yes)
External: 1 (Yes)
External Display Attributes / Bt 2020 YCC: 2
External Display Attributes / Dolby Vision: 2
External Display Attributes / Hdr Static Metadata Type 1: 2
External Display Attributes / Legacy HDMIEDID: 0 (No)
External Display Attributes / Manufacturer ID: 7.789
External Display Attributes / Pq EOTF: 2
External Display Attributes / Product ID: 1 (Yes)
External Display Attributes / Serial Number: 16.843.009
External Display Attributes / Week Of Manufacture: 1 (Yes)
External Display Attributes / Year Of Manufacture: 2.022
Frame: NSRect: {{0, 0}, {3840, 2160}}
Has Native Frame Rate Request: 0 (No)
Heartbeat Rate: 0.008333333333333333
Is Reference: 0 (No)
Is Reference Limited: 0 (No)
Latency: 0 (No)
Link Quality: -1
Logical Scale: NSSize: {0.5, 0.5}
Maximum Logical Scale: 2
Minimum Frame Duration: 1 (Yes)
Minimum Logical Scale: 0.25
Name: External
Native Orientation: rot0
Native Size: NSSize: {3840, 2160}
Od LUT Version: 0 (No)
Overscan Adjustment: none
Overscan Amount: 0.8999999761581421
Overscan Amounts: NSSize: {0.89999997615814209, 0.89999997615814209}
Overscanned: 0 (No)
Physical Size: NSSize: {62.99212646484375, 35.433071136474609}
Point Scale: 1 (Yes)
Process Id: 0 (No)
Product Name: LG TV SSCR2
Refresh Rate: 0.008333333333333333
Safe Bounds: NSRect: {{0, 0}, {1920, 1080}}
Seed: 222
Supported: 1 (Yes)
Supports Extended Colors: 0 (No)
Tag: 0 (No)
Transport Type: dp
Unique Id: 1E6D0100-0000-0000-0120-010485A05A78



Read-only configuration capture complete; no RAM, EDID or display settings changed.

Test process exit: 0
